[21:29:26] bbox=(121.3868848, 31.102562, 121.4719269, 31.2220274) cells=36
[21:29:26] cell 1/36 (121.3858848, 31.101561999999998, 121.40205848333335, 31.1234729)
[21:29:28]   cell depth=0 ways=270 pois=40
[21:29:30] cell 2/36 (121.40005848333334, 31.101561999999998, 121.41623216666667, 31.1234729)
[21:29:32]   cell depth=0 ways=428 pois=57
[21:29:33] cell 3/36 (121.41423216666666, 31.101561999999998, 121.43040585, 31.1234729)
[21:29:35]   cell depth=0 ways=573 pois=72
[21:29:37] cell 4/36 (121.42840584999999, 31.101561999999998, 121.44457953333334, 31.1234729)
[21:29:39]   cell depth=0 ways=652 pois=98
[21:29:40] cell 5/36 (121.44257953333333, 31.101561999999998, 121.45875321666668, 31.1234729)
[21:29:43]   cell depth=0 ways=799 pois=148
[21:29:44] cell 6/36 (121.45675321666667, 31.101561999999998, 121.4729269, 31.1234729)
[21:29:46]   cell depth=0 ways=838 pois=158
[21:29:48] cell 7/36 (121.3858848, 31.121472899999997, 121.40205848333335, 31.143383800000002)
[21:29:50]   cell depth=0 ways=1175 pois=236
[21:29:51] cell 8/36 (121.40005848333334, 31.121472899999997, 121.41623216666667, 31.143383800000002)
[21:29:54]   cell depth=0 ways=1346 pois=284
[21:29:55] cell 9/36 (121.41423216666666, 31.121472899999997, 121.43040585, 31.143383800000002)
[21:29:57]   cell depth=0 ways=1472 pois=342
[21:29:59] cell 10/36 (121.42840584999999, 31.121472899999997, 121.44457953333334, 31.143383800000002)
[21:30:01]   cell depth=0 ways=1726 pois=404
[21:30:03] cell 11/36 (121.44257953333333, 31.121472899999997, 121.45875321666668, 31.143383800000002)
[21:30:06]   cell depth=0 ways=1868 pois=453
[21:30:08] cell 12/36 (121.45675321666667, 31.121472899999997, 121.4729269, 31.143383800000002)
[21:30:10]   cell depth=0 ways=1947 pois=466
[21:30:11] cell 13/36 (121.3858848, 31.1413838, 121.40205848333335, 31.1632947)
[21:30:13]   cell depth=0 ways=2072 pois=507
[21:30:15] cell 14/36 (121.40005848333334, 31.1413838, 121.41623216666667, 31.1632947)
[21:30:18]   cell depth=0 ways=2255 pois=557
[21:30:19] cell 15/36 (121.41423216666666, 31.1413838, 121.43040585, 31.1632947)
[21:30:22]   cell depth=0 ways=2541 pois=642
[21:30:24] cell 16/36 (121.42840584999999, 31.1413838, 121.44457953333334, 31.1632947)
[21:30:26]   cell depth=0 ways=2720 pois=709
[21:30:28] cell 17/36 (121.44257953333333, 31.1413838, 121.45875321666668, 31.1632947)
[21:30:30]   cell depth=0 ways=2868 pois=756
[21:30:31] cell 18/36 (121.45675321666667, 31.1413838, 121.4729269, 31.1632947)
[21:30:34]   cell depth=0 ways=3024 pois=810
[21:30:35] cell 19/36 (121.3858848, 31.1612947, 121.40205848333335, 31.1832056)
[21:30:37]   cell depth=0 ways=3198 pois=850
[21:30:39] cell 20/36 (121.40005848333334, 31.1612947, 121.41623216666667, 31.1832056)
[21:30:41]   cell depth=0 ways=3295 pois=947
[21:30:43] cell 21/36 (121.41423216666666, 31.1612947, 121.43040585, 31.1832056)
[21:30:45]   cell depth=0 ways=3414 pois=1073
[21:30:47] cell 22/36 (121.42840584999999, 31.1612947, 121.44457953333334, 31.1832056)
[21:30:49]   cell depth=0 ways=3649 pois=1154
[21:30:51] cell 23/36 (121.44257953333333, 31.1612947, 121.45875321666668, 31.1832056)
[21:30:53]   cell depth=0 ways=3872 pois=1230
[21:30:55] cell 24/36 (121.45675321666667, 31.1612947, 121.4729269, 31.1832056)
[21:30:58]   cell depth=0 ways=4019 pois=1278
[21:30:59] cell 25/36 (121.3858848, 31.1812056, 121.40205848333335, 31.203116500000004)
[21:31:02]   cell depth=0 ways=4218 pois=1360
[21:31:03] cell 26/36 (121.40005848333334, 31.1812056, 121.41623216666667, 31.203116500000004)
[21:31:06]   cell depth=0 ways=4314 pois=1416
[21:31:07] cell 27/36 (121.41423216666666, 31.1812056, 121.43040585, 31.203116500000004)
[21:31:10]   cell depth=0 ways=4492 pois=1507
[21:31:11] cell 28/36 (121.42840584999999, 31.1812056, 121.44457953333334, 31.203116500000004)
[21:31:14]   cell depth=0 ways=4749 pois=1747
[21:31:16] cell 29/36 (121.44257953333333, 31.1812056, 121.45875321666668, 31.203116500000004)
[21:31:22]   cell depth=0 ways=4909 pois=1907
[21:31:23] cell 30/36 (121.45675321666667, 31.1812056, 121.4729269, 31.203116500000004)
[21:31:26]   cell depth=0 ways=5213 pois=1985
[21:31:27] cell 31/36 (121.3858848, 31.2011165, 121.40205848333335, 31.223027400000003)
[21:31:31]   cell depth=0 ways=5523 pois=2212
[21:31:32] cell 32/36 (121.40005848333334, 31.2011165, 121.41623216666667, 31.223027400000003)
[21:31:36]   cell depth=0 ways=5987 pois=2468
[21:31:38] cell 33/36 (121.41423216666666, 31.2011165, 121.43040585, 31.223027400000003)
[21:31:41]   cell depth=0 ways=6248 pois=2647
[21:31:43] cell 34/36 (121.42840584999999, 31.2011165, 121.44457953333334, 31.223027400000003)
[21:31:46]   cell depth=0 ways=6442 pois=2929
[21:31:48] cell 35/36 (121.44257953333333, 31.2011165, 121.45875321666668, 31.223027400000003)
[21:31:52]   cell depth=0 ways=6592 pois=3360
[21:31:54] cell 36/36 (121.45675321666667, 31.2011165, 121.4729269, 31.223027400000003)
[21:31:57]   cell depth=0 ways=6961 pois=3696
[21:31:59] wrote osm_xuhui_highways.json: 6961 elements
[21:31:59] wrote osm_xuhui_pois.json: 3696 elements
[21:31:59] RESULT highways_ok=True pois_ok=True failed_cells=0
[21:31:59] OSM_ACQUISITION_OK
EXIT=0
