Removing unused browser at %LOCALAPPDATA%\ms-playwright\chromium-1228
Removing unused browser at %LOCALAPPDATA%\ms-playwright\chromium_headless_shell-1228
Downloading Chrome for Testing 151.0.7922.34 (playwright chromium v1234)[2m from https://cdn.playwright.dev/builds/cft/151.0.7922.34/win64/chrome-win64.zip[22m
|                                                                                |   0% of 191.8 MiB
|■■■■■■■■                                                                        |  10% of 191.8 MiB
|■■■■■■■■■■■■■■■■                                                                |  20% of 191.8 MiB
|■■■■■■■■■■■■■■■■■■■■■■■■                                                        |  30% of 191.8 MiB
|■■■■■■■■■■■■■■■■■■■■■■■■■■■■■■■■                                                |  40% of 191.8 MiB
|■■■■■■■■■■■■■■■■■■■■■■■■■■■■■■■■■■■■■■■■                                        |  50% of 191.8 MiB
|■■■■■■■■■■■■■■■■■■■■■■■■■■■■■■■■■■■■■■■■■■■■■■■■                                |  60% of 191.8 MiB
|■■■■■■■■■■■■■■■■■■■■■■■■■■■■■■■■■■■■■■■■■■■■■■■■■■■■■■■■                        |  70% of 191.8 MiB
|■■■■■■■■■■■■■■■■■■■■■■■■■■■■■■■■■■■■■■■■■■■■■■■■■■■■■■■■■■■■■■■■                |  80% of 191.8 MiB
|■■■■■■■■■■■■■■■■■■■■■■■■■■■■■■■■■■■■■■■■■■■■■■■■■■■■■■■■■■■■■■■■■■■■■■■■        |  90% of 191.8 MiB
|■■■■■■■■■■■■■■■■■■■■■■■■■■■■■■■■■■■■■■■■■■■■■■■■■■■■■■■■■■■■■■■■■■■■■■■■■■■■■■■■| 100% of 191.8 MiB
Chrome for Testing 151.0.7922.34 (playwright chromium v1234) downloaded to %LOCALAPPDATA%\ms-playwright\chromium-1234
Downloading Chrome Headless Shell 151.0.7922.34 (playwright chromium-headless-shell v1234)[2m from https://cdn.playwright.dev/builds/cft/151.0.7922.34/win64/chrome-headless-shell-win64.zip[22m
|                                                                                |   0% of 114.5 MiB
|■■■■■■■■                                                                        |  10% of 114.5 MiB
|■■■■■■■■■■■■■■■■                                                                |  20% of 114.5 MiB
|■■■■■■■■■■■■■■■■■■■■■■■■                                                        |  30% of 114.5 MiB
|■■■■■■■■■■■■■■■■■■■■■■■■■■■■■■■■                                                |  40% of 114.5 MiB
|■■■■■■■■■■■■■■■■■■■■■■■■■■■■■■■■■■■■■■■■                                        |  50% of 114.5 MiB
|■■■■■■■■■■■■■■■■■■■■■■■■■■■■■■■■■■■■■■■■■■■■■■■■                                |  60% of 114.5 MiB
|■■■■■■■■■■■■■■■■■■■■■■■■■■■■■■■■■■■■■■■■■■■■■■■■■■■■■■■■                        |  70% of 114.5 MiB
|■■■■■■■■■■■■■■■■■■■■■■■■■■■■■■■■■■■■■■■■■■■■■■■■■■■■■■■■■■■■■■■■                |  80% of 114.5 MiB
|■■■■■■■■■■■■■■■■■■■■■■■■■■■■■■■■■■■■■■■■■■■■■■■■■■■■■■■■■■■■■■■■■■■■■■■■        |  90% of 114.5 MiB
|■■■■■■■■■■■■■■■■■■■■■■■■■■■■■■■■■■■■■■■■■■■■■■■■■■■■■■■■■■■■■■■■■■■■■■■■■■■■■■■■| 100% of 114.5 MiB
Chrome Headless Shell 151.0.7922.34 (playwright chromium-headless-shell v1234) downloaded to %LOCALAPPDATA%\ms-playwright\chromium_headless_shell-1234
EXIT=0
